[www.aiseesoft.com/online-bg-remover/editor/170758126965c79f55830a33.html]
[www.aiseesoft.com/online-bg-remover/editor/favicon.ico]
[backblue.gif]
[fade.gif]
[index.html]
[sdk.amazonaws.com/js/aws-sdk-2.1413.0.min.js]
[www.aiseesoft.com/online-bg-remover/editor/js/chunk-vendors.5176d063.js]
[www.aiseesoft.com/online-bg-remover/editor/js/app.282397be.js]
[www.aiseesoft.com/online-bg-remover/editor/static/js/url-setting.js]
[www.aiseesoft.com/online-bg-remover/editor/170758126965c79f55830a33.html]
[www.aiseesoft.com/online-bg-remover/editor/fonts/element-icons.ff18efd1.woff]
[www.aiseesoft.com/online-bg-remover/editor/fonts/element-icons.f1a45d74.ttf]
[www.aiseesoft.com/online-bg-remover/editor/css/chunk-vendors.631b9ee8.css]
[www.aiseesoft.com/online-bg-remover/editor/css/app.cd56ffee.css]
[www.aiseesoft.com/online-bg-remover/editor/img/icon_set.98511a74.svg]
[www.aiseesoft.com/online-bg-remover/editor/img/icon_set_h.aae51440.svg]
[www.aiseesoft.com/online-bg-remover/editor/img/icon_history.20caefc2.svg]
[www.aiseesoft.com/online-bg-remover/editor/img/icon_history_h.556ea53f.svg]
[www.aiseesoft.com/online-bg-remover/editor/img/upload.d7a0e0a9.svg]
[www.aiseesoft.com/online-bg-remover/editor/img/close.691886a5.svg]
[www.aiseesoft.com/online-bg-remover/editor/img/close_h.bb95ea31.svg]
[www.aiseesoft.com/online-bg-remover/editor/img/close-h.bb95ea31.svg]
[www.aiseesoft.com/online-bg-remover/editor/img/zhucepic.1ea8cbfb.svg]
[www.aiseesoft.com/online-bg-remover/editor/img/bg_remove.4af9b5ab.svg]
[www.aiseesoft.com/online-bg-remover/editor/img/picker.349c23fd.svg]
[www.aiseesoft.com/online-bg-remover/editor/img/icon_ok.a3344456.svg]
[www.aiseesoft.com/online-bg-remover/editor/img/closes.ff0cbcb3.svg]
[www.aiseesoft.com/online-bg-remover/editor/img/icon_tan.43be17ab.svg]
[www.aiseesoft.com/online-bg-remover/editor/img/icon_wen_h.b8e731f8.svg]
